{"level":"info","message":{"ip":"::1","method":"GET","path":"/api/campaigns/public","timestamp":"2025-08-25T11:59:02.431Z"},"timestamp":"2025-08-25T11:59:02.431Z"}
{"level":"info","message":{"ip":"::1","method":"GET","path":"/api/get-wishlist/6801418d70e997869e55d29e","timestamp":"2025-08-25T11:59:02.439Z"},"timestamp":"2025-08-25T11:59:02.439Z"}
{"level":"info","message":{"ip":"::1","method":"GET","path":"/api/get-card-products/6801418d70e997869e55d29e","timestamp":"2025-08-25T11:59:02.442Z"},"timestamp":"2025-08-25T11:59:02.442Z"}
{"level":"info","message":{"ip":"::1","method":"GET","path":"/api/home/get-products","timestamp":"2025-08-25T11:59:02.447Z"},"timestamp":"2025-08-25T11:59:02.447Z"}
{"level":"info","message":{"ip":"::1","method":"GET","path":"/api/home/get-categorys","timestamp":"2025-08-25T11:59:02.449Z"},"timestamp":"2025-08-25T11:59:02.449Z"}
{"level":"info","message":{"ip":"::1","method":"GET","path":"/api/banners","timestamp":"2025-08-25T11:59:02.449Z"},"timestamp":"2025-08-25T11:59:02.449Z"}
{"level":"info","message":{"ip":"::1","method":"GET","path":"/api/get-card-products/6801418d70e997869e55d29e","timestamp":"2025-08-25T11:59:08.344Z"},"timestamp":"2025-08-25T11:59:08.344Z"}
{"level":"info","message":{"ip":"::1","method":"GET","path":"/api/get-wishlist/6801418d70e997869e55d29e","timestamp":"2025-08-25T11:59:08.348Z"},"timestamp":"2025-08-25T11:59:08.348Z"}
{"level":"info","message":{"ip":"::1","method":"GET","path":"/api/home/price-range-latest-product","timestamp":"2025-08-25T11:59:08.358Z"},"timestamp":"2025-08-25T11:59:08.358Z"}
{"level":"info","message":{"ip":"::1","method":"GET","path":"/api/home/query-products","timestamp":"2025-08-25T11:59:08.364Z"},"timestamp":"2025-08-25T11:59:08.364Z"}
{"level":"info","message":{"ip":"::1","method":"GET","path":"/api/home/query-products","timestamp":"2025-08-25T11:59:08.393Z"},"timestamp":"2025-08-25T11:59:08.393Z"}
{"level":"info","message":{"ip":"::1","method":"GET","path":"/api/campaigns/public","timestamp":"2025-08-25T11:59:14.892Z"},"timestamp":"2025-08-25T11:59:14.892Z"}
{"level":"info","message":{"ip":"::1","method":"GET","path":"/api/get-card-products/6801418d70e997869e55d29e","timestamp":"2025-08-25T11:59:14.942Z"},"timestamp":"2025-08-25T11:59:14.942Z"}
{"level":"info","message":{"ip":"::1","method":"GET","path":"/api/get-wishlist/6801418d70e997869e55d29e","timestamp":"2025-08-25T11:59:14.950Z"},"timestamp":"2025-08-25T11:59:14.950Z"}
{"level":"info","message":{"ip":"::1","method":"GET","path":"/api/home/get-products","timestamp":"2025-08-25T11:59:14.952Z"},"timestamp":"2025-08-25T11:59:14.952Z"}
{"level":"info","message":{"ip":"::1","method":"GET","path":"/api/get-user","timestamp":"2025-08-25T13:00:30.515Z"},"timestamp":"2025-08-25T13:00:30.515Z"}
{"level":"info","message":{"ip":"::1","method":"GET","path":"/api/campaigns/public","timestamp":"2025-08-25T13:00:31.887Z"},"timestamp":"2025-08-25T13:00:31.887Z"}
{"level":"info","message":{"ip":"::1","method":"GET","path":"/api/get-wishlist/6801418d70e997869e55d29e","timestamp":"2025-08-25T13:00:31.890Z"},"timestamp":"2025-08-25T13:00:31.890Z"}
{"level":"info","message":{"ip":"::1","method":"GET","path":"/api/home/get-products","timestamp":"2025-08-25T13:00:31.894Z"},"timestamp":"2025-08-25T13:00:31.894Z"}
{"level":"info","message":{"ip":"::1","method":"GET","path":"/api/get-card-products/6801418d70e997869e55d29e","timestamp":"2025-08-25T13:00:31.897Z"},"timestamp":"2025-08-25T13:00:31.897Z"}
{"level":"info","message":{"ip":"::1","method":"GET","path":"/api/home/get-categorys","timestamp":"2025-08-25T13:00:31.898Z"},"timestamp":"2025-08-25T13:00:31.898Z"}
{"level":"info","message":{"ip":"::1","method":"GET","path":"/api/banners","timestamp":"2025-08-25T13:00:31.898Z"},"timestamp":"2025-08-25T13:00:31.898Z"}
{"level":"info","message":{"ip":"::1","method":"GET","path":"/api/get-card-products/6801418d70e997869e55d29e","timestamp":"2025-08-25T13:00:39.978Z"},"timestamp":"2025-08-25T13:00:39.978Z"}
{"level":"info","message":{"ip":"::1","method":"GET","path":"/api/get-wishlist/6801418d70e997869e55d29e","timestamp":"2025-08-25T13:00:39.981Z"},"timestamp":"2025-08-25T13:00:39.981Z"}
{"level":"info","message":{"ip":"::1","method":"GET","path":"/api/home/product-details/Lovobo-Plush-Doll","timestamp":"2025-08-25T13:00:39.984Z"},"timestamp":"2025-08-25T13:00:39.984Z"}
{"level":"info","message":{"ip":"::1","method":"GET","path":"/api/home/customer/get-reviews/68ac15bbd0c10f6f11f063bb","timestamp":"2025-08-25T13:00:40.021Z"},"timestamp":"2025-08-25T13:00:40.021Z"}
{"level":"info","message":{"ip":"::1","method":"GET","path":"/api/campaigns/public","timestamp":"2025-08-25T13:00:46.345Z"},"timestamp":"2025-08-25T13:00:46.345Z"}
{"level":"info","message":{"ip":"::1","method":"GET","path":"/api/get-card-products/6801418d70e997869e55d29e","timestamp":"2025-08-25T13:00:46.367Z"},"timestamp":"2025-08-25T13:00:46.367Z"}
{"level":"info","message":{"ip":"::1","method":"GET","path":"/api/home/get-products","timestamp":"2025-08-25T13:00:46.369Z"},"timestamp":"2025-08-25T13:00:46.369Z"}
{"level":"info","message":{"ip":"::1","method":"GET","path":"/api/get-wishlist/6801418d70e997869e55d29e","timestamp":"2025-08-25T13:00:46.369Z"},"timestamp":"2025-08-25T13:00:46.369Z"}
{"level":"info","message":{"ip":"::1","method":"GET","path":"/api/get-card-products/6801418d70e997869e55d29e","timestamp":"2025-08-25T13:00:48.878Z"},"timestamp":"2025-08-25T13:00:48.878Z"}
{"level":"info","message":{"ip":"::1","method":"GET","path":"/api/get-wishlist/6801418d70e997869e55d29e","timestamp":"2025-08-25T13:00:48.883Z"},"timestamp":"2025-08-25T13:00:48.883Z"}
{"level":"info","message":{"ip":"::1","method":"GET","path":"/api/home/customer/get-reviews/68ac15bbd0c10f6f11f063bb","timestamp":"2025-08-25T13:00:48.888Z"},"timestamp":"2025-08-25T13:00:48.888Z"}
{"level":"info","message":{"ip":"::1","method":"GET","path":"/api/home/product-details/Lovobo-Plush-Doll","timestamp":"2025-08-25T13:00:48.890Z"},"timestamp":"2025-08-25T13:00:48.890Z"}
{"level":"info","message":{"ip":"::1","method":"GET","path":"/api/home/customer/get-reviews/68ac15bbd0c10f6f11f063bb","timestamp":"2025-08-25T13:00:48.917Z"},"timestamp":"2025-08-25T13:00:48.917Z"}
{"level":"info","message":{"ip":"::1","method":"GET","path":"/api/get-card-products/6801418d70e997869e55d29e","timestamp":"2025-08-25T13:01:05.876Z"},"timestamp":"2025-08-25T13:01:05.876Z"}
{"level":"info","message":{"ip":"::1","method":"GET","path":"/api/get-wishlist/6801418d70e997869e55d29e","timestamp":"2025-08-25T13:01:05.883Z"},"timestamp":"2025-08-25T13:01:05.883Z"}
{"level":"info","message":{"ip":"::1","method":"GET","path":"/api/get-card-products/6801418d70e997869e55d29e","timestamp":"2025-08-25T13:01:11.099Z"},"timestamp":"2025-08-25T13:01:11.099Z"}
{"level":"info","message":{"ip":"::1","method":"GET","path":"/api/get-wishlist/6801418d70e997869e55d29e","timestamp":"2025-08-25T13:01:11.107Z"},"timestamp":"2025-08-25T13:01:11.107Z"}
{"level":"info","message":{"ip":"::1","method":"GET","path":"/api/home/customer/get-reviews/68ac15bbd0c10f6f11f063bb","timestamp":"2025-08-25T13:01:11.109Z"},"timestamp":"2025-08-25T13:01:11.109Z"}
{"level":"info","message":{"ip":"::1","method":"GET","path":"/api/home/product-details/Lovobo-Plush-Doll","timestamp":"2025-08-25T13:01:11.110Z"},"timestamp":"2025-08-25T13:01:11.110Z"}
{"level":"info","message":{"ip":"::1","method":"GET","path":"/api/home/customer/get-reviews/68ac15bbd0c10f6f11f063bb","timestamp":"2025-08-25T13:01:11.131Z"},"timestamp":"2025-08-25T13:01:11.131Z"}
{"level":"info","message":{"ip":"::1","method":"GET","path":"/api/get-card-products/6801418d70e997869e55d29e","timestamp":"2025-08-25T13:01:12.340Z"},"timestamp":"2025-08-25T13:01:12.340Z"}
{"level":"info","message":{"ip":"::1","method":"GET","path":"/api/get-wishlist/6801418d70e997869e55d29e","timestamp":"2025-08-25T13:01:12.343Z"},"timestamp":"2025-08-25T13:01:12.343Z"}
{"level":"info","message":{"ip":"::1","method":"POST","path":"/api/chat/customer/add-customer-friend","timestamp":"2025-08-25T13:01:12.348Z"},"timestamp":"2025-08-25T13:01:12.348Z"}
{"level":"info","message":{"ip":"::1","method":"GET","path":"/api/chat/customer/get-available-sellers","timestamp":"2025-08-25T13:01:12.350Z"},"timestamp":"2025-08-25T13:01:12.350Z"}
{"level":"info","message":{"ip":"::1","method":"POST","path":"/api/chat/customer/add-customer-friend","timestamp":"2025-08-25T13:01:12.356Z"},"timestamp":"2025-08-25T13:01:12.357Z"}
{"level":"info","message":{"ip":"::1","method":"POST","path":"/api/chat/customer/add-customer-friend","timestamp":"2025-08-25T13:01:21.584Z"},"timestamp":"2025-08-25T13:01:21.584Z"}
{"level":"info","message":{"ip":"::1","method":"GET","path":"/api/get-wishlist/6801418d70e997869e55d29e","timestamp":"2025-08-25T13:01:22.299Z"},"timestamp":"2025-08-25T13:01:22.299Z"}
{"level":"info","message":{"ip":"::1","method":"GET","path":"/api/home/customer/get-orders/6801418d70e997869e55d29e/all","timestamp":"2025-08-25T13:01:24.704Z"},"timestamp":"2025-08-25T13:01:24.704Z"}
{"level":"info","message":{"ip":"::1","method":"GET","path":"/api/home/coustomer/get-dashboard-data/6801418d70e997869e55d29e","timestamp":"2025-08-25T13:01:25.501Z"},"timestamp":"2025-08-25T13:01:25.501Z"}
{"level":"info","message":{"ip":"::1","method":"GET","path":"/api/campaigns/public","timestamp":"2025-08-25T13:01:26.539Z"},"timestamp":"2025-08-25T13:01:26.539Z"}
{"level":"info","message":{"ip":"::1","method":"GET","path":"/api/get-card-products/6801418d70e997869e55d29e","timestamp":"2025-08-25T13:01:26.554Z"},"timestamp":"2025-08-25T13:01:26.554Z"}
{"level":"info","message":{"ip":"::1","method":"GET","path":"/api/get-wishlist/6801418d70e997869e55d29e","timestamp":"2025-08-25T13:01:26.558Z"},"timestamp":"2025-08-25T13:01:26.558Z"}
{"level":"info","message":{"ip":"::1","method":"GET","path":"/api/home/get-products","timestamp":"2025-08-25T13:01:26.562Z"},"timestamp":"2025-08-25T13:01:26.562Z"}
{"level":"info","message":{"ip":"::1","method":"GET","path":"/api/home/coustomer/get-dashboard-data/6801418d70e997869e55d29e","timestamp":"2025-08-25T13:01:28.672Z"},"timestamp":"2025-08-25T13:01:28.672Z"}
{"level":"info","message":{"ip":"::1","method":"GET","path":"/api/get-card-products/6801418d70e997869e55d29e","timestamp":"2025-08-25T13:01:28.674Z"},"timestamp":"2025-08-25T13:01:28.674Z"}
{"level":"info","message":{"ip":"::1","method":"GET","path":"/api/get-wishlist/6801418d70e997869e55d29e","timestamp":"2025-08-25T13:01:28.677Z"},"timestamp":"2025-08-25T13:01:28.677Z"}
{"level":"info","message":{"ip":"::1","method":"GET","path":"/api/logout","timestamp":"2025-08-25T13:01:30.857Z"},"timestamp":"2025-08-25T13:01:30.857Z"}
{"level":"info","message":{"ip":"::1","method":"POST","path":"/api/customer/login","timestamp":"2025-08-25T13:01:33.479Z"},"timestamp":"2025-08-25T13:01:33.479Z"}
{"level":"info","message":{"ip":"::1","method":"GET","path":"/api/get-card-products/6801418d70e997869e55d29e","timestamp":"2025-08-25T13:01:33.570Z"},"timestamp":"2025-08-25T13:01:33.570Z"}
{"level":"info","message":{"ip":"::1","method":"GET","path":"/api/get-wishlist/6801418d70e997869e55d29e","timestamp":"2025-08-25T13:01:33.573Z"},"timestamp":"2025-08-25T13:01:33.573Z"}
{"level":"info","message":{"ip":"::1","method":"GET","path":"/api/campaigns/public","timestamp":"2025-08-25T13:01:33.580Z"},"timestamp":"2025-08-25T13:01:33.580Z"}
{"level":"info","message":{"ip":"::1","method":"GET","path":"/api/get-card-products/6801418d70e997869e55d29e","timestamp":"2025-08-25T13:01:33.593Z"},"timestamp":"2025-08-25T13:01:33.593Z"}
{"level":"info","message":{"ip":"::1","method":"GET","path":"/api/get-wishlist/6801418d70e997869e55d29e","timestamp":"2025-08-25T13:01:33.594Z"},"timestamp":"2025-08-25T13:01:33.594Z"}
{"level":"info","message":{"ip":"::1","method":"GET","path":"/api/home/get-products","timestamp":"2025-08-25T13:01:33.599Z"},"timestamp":"2025-08-25T13:01:33.599Z"}
{"level":"info","message":{"ip":"::1","method":"POST","path":"/api/add-wishlist","timestamp":"2025-08-25T13:01:38.005Z"},"timestamp":"2025-08-25T13:01:38.005Z"}
{"level":"info","message":{"ip":"::1","method":"GET","path":"/api/get-card-products/6801418d70e997869e55d29e","timestamp":"2025-08-25T13:01:42.828Z"},"timestamp":"2025-08-25T13:01:42.828Z"}
{"level":"info","message":{"ip":"::1","method":"GET","path":"/api/get-wishlist/6801418d70e997869e55d29e","timestamp":"2025-08-25T13:01:42.831Z"},"timestamp":"2025-08-25T13:01:42.831Z"}
{"level":"info","message":{"ip":"::1","method":"GET","path":"/api/get-wishlist/6801418d70e997869e55d29e","timestamp":"2025-08-25T13:01:42.837Z"},"timestamp":"2025-08-25T13:01:42.837Z"}
{"level":"info","message":{"ip":"::1","method":"DELETE","path":"/api/remove-wishlist/68ac5eb221470d24c64a9cc9","timestamp":"2025-08-25T13:01:50.551Z"},"timestamp":"2025-08-25T13:01:50.551Z"}
{"level":"info","message":{"ip":"::1","method":"GET","path":"/api/campaigns/public","timestamp":"2025-08-25T13:01:52.395Z"},"timestamp":"2025-08-25T13:01:52.395Z"}
{"level":"info","message":{"ip":"::1","method":"GET","path":"/api/get-card-products/6801418d70e997869e55d29e","timestamp":"2025-08-25T13:01:52.419Z"},"timestamp":"2025-08-25T13:01:52.419Z"}
{"level":"info","message":{"ip":"::1","method":"GET","path":"/api/get-wishlist/6801418d70e997869e55d29e","timestamp":"2025-08-25T13:01:52.424Z"},"timestamp":"2025-08-25T13:01:52.424Z"}
{"level":"info","message":{"ip":"::1","method":"GET","path":"/api/home/get-products","timestamp":"2025-08-25T13:01:52.428Z"},"timestamp":"2025-08-25T13:01:52.428Z"}
{"level":"info","message":{"ip":"::1","method":"GET","path":"/api/get-card-products/6801418d70e997869e55d29e","timestamp":"2025-08-25T13:02:00.917Z"},"timestamp":"2025-08-25T13:02:00.917Z"}
{"level":"info","message":{"ip":"::1","method":"GET","path":"/api/get-wishlist/6801418d70e997869e55d29e","timestamp":"2025-08-25T13:02:00.922Z"},"timestamp":"2025-08-25T13:02:00.922Z"}
{"level":"info","message":{"ip":"::1","method":"GET","path":"/api/campaigns/public","timestamp":"2025-08-25T13:02:04.195Z"},"timestamp":"2025-08-25T13:02:04.195Z"}
{"level":"info","message":{"ip":"::1","method":"GET","path":"/api/get-card-products/6801418d70e997869e55d29e","timestamp":"2025-08-25T13:02:04.211Z"},"timestamp":"2025-08-25T13:02:04.211Z"}
{"level":"info","message":{"ip":"::1","method":"GET","path":"/api/get-wishlist/6801418d70e997869e55d29e","timestamp":"2025-08-25T13:02:04.214Z"},"timestamp":"2025-08-25T13:02:04.214Z"}
{"level":"info","message":{"ip":"::1","method":"GET","path":"/api/home/get-products","timestamp":"2025-08-25T13:02:04.216Z"},"timestamp":"2025-08-25T13:02:04.216Z"}
{"level":"info","message":{"ip":"::1","method":"GET","path":"/api/get-card-products/6801418d70e997869e55d29e","timestamp":"2025-08-25T13:02:06.528Z"},"timestamp":"2025-08-25T13:02:06.528Z"}
{"level":"info","message":{"ip":"::1","method":"GET","path":"/api/get-wishlist/6801418d70e997869e55d29e","timestamp":"2025-08-25T13:02:06.531Z"},"timestamp":"2025-08-25T13:02:06.531Z"}
{"level":"info","message":{"ip":"::1","method":"GET","path":"/api/home/price-range-latest-product","timestamp":"2025-08-25T13:02:06.534Z"},"timestamp":"2025-08-25T13:02:06.534Z"}
{"level":"info","message":{"ip":"::1","method":"GET","path":"/api/home/query-products","timestamp":"2025-08-25T13:02:06.539Z"},"timestamp":"2025-08-25T13:02:06.539Z"}
{"level":"info","message":{"ip":"::1","method":"GET","path":"/api/home/query-products","timestamp":"2025-08-25T13:02:06.599Z"},"timestamp":"2025-08-25T13:02:06.599Z"}
{"level":"info","message":{"ip":"::1","method":"GET","path":"/api/get-card-products/6801418d70e997869e55d29e","timestamp":"2025-08-25T13:02:09.411Z"},"timestamp":"2025-08-25T13:02:09.412Z"}
{"level":"info","message":{"ip":"::1","method":"GET","path":"/api/get-wishlist/6801418d70e997869e55d29e","timestamp":"2025-08-25T13:02:09.416Z"},"timestamp":"2025-08-25T13:02:09.416Z"}
{"level":"info","message":{"ip":"::1","method":"GET","path":"/api/get-card-products/6801418d70e997869e55d29e","timestamp":"2025-08-25T13:02:13.797Z"},"timestamp":"2025-08-25T13:02:13.797Z"}
{"level":"info","message":{"ip":"::1","method":"GET","path":"/api/get-wishlist/6801418d70e997869e55d29e","timestamp":"2025-08-25T13:02:13.800Z"},"timestamp":"2025-08-25T13:02:13.800Z"}
{"level":"info","message":{"ip":"::1","method":"GET","path":"/api/get-card-products/6801418d70e997869e55d29e","timestamp":"2025-08-25T13:02:17.416Z"},"timestamp":"2025-08-25T13:02:17.416Z"}
{"level":"info","message":{"ip":"::1","method":"GET","path":"/api/get-wishlist/6801418d70e997869e55d29e","timestamp":"2025-08-25T13:02:17.420Z"},"timestamp":"2025-08-25T13:02:17.420Z"}
{"level":"info","message":{"ip":"::1","method":"GET","path":"/api/get-card-products/6801418d70e997869e55d29e","timestamp":"2025-08-25T13:02:18.241Z"},"timestamp":"2025-08-25T13:02:18.241Z"}
{"level":"info","message":{"ip":"::1","method":"GET","path":"/api/get-wishlist/6801418d70e997869e55d29e","timestamp":"2025-08-25T13:02:18.254Z"},"timestamp":"2025-08-25T13:02:18.254Z"}
{"level":"info","message":{"ip":"::1","method":"GET","path":"/api/get-card-products/6801418d70e997869e55d29e","timestamp":"2025-08-25T13:02:22.846Z"},"timestamp":"2025-08-25T13:02:22.846Z"}
{"level":"info","message":{"ip":"::1","method":"GET","path":"/api/get-wishlist/6801418d70e997869e55d29e","timestamp":"2025-08-25T13:02:22.856Z"},"timestamp":"2025-08-25T13:02:22.856Z"}
{"level":"info","message":{"ip":"::1","method":"GET","path":"/api/campaigns/public","timestamp":"2025-08-25T13:02:30.705Z"},"timestamp":"2025-08-25T13:02:30.705Z"}
{"level":"info","message":{"ip":"::1","method":"GET","path":"/api/get-card-products/6801418d70e997869e55d29e","timestamp":"2025-08-25T13:02:30.727Z"},"timestamp":"2025-08-25T13:02:30.727Z"}
{"level":"info","message":{"ip":"::1","method":"GET","path":"/api/get-wishlist/6801418d70e997869e55d29e","timestamp":"2025-08-25T13:02:30.733Z"},"timestamp":"2025-08-25T13:02:30.733Z"}
{"level":"info","message":{"ip":"::1","method":"GET","path":"/api/home/get-products","timestamp":"2025-08-25T13:02:30.745Z"},"timestamp":"2025-08-25T13:02:30.745Z"}
{"level":"info","message":{"ip":"::1","method":"GET","path":"/api/get-card-products/6801418d70e997869e55d29e","timestamp":"2025-08-25T13:02:41.869Z"},"timestamp":"2025-08-25T13:02:41.869Z"}
{"level":"info","message":{"ip":"::1","method":"GET","path":"/api/get-wishlist/6801418d70e997869e55d29e","timestamp":"2025-08-25T13:02:41.873Z"},"timestamp":"2025-08-25T13:02:41.873Z"}
{"level":"info","message":{"ip":"::1","method":"GET","path":"/api/get-card-products/6801418d70e997869e55d29e","timestamp":"2025-08-25T13:02:48.369Z"},"timestamp":"2025-08-25T13:02:48.369Z"}
{"level":"info","message":{"ip":"::1","method":"GET","path":"/api/get-wishlist/6801418d70e997869e55d29e","timestamp":"2025-08-25T13:02:48.373Z"},"timestamp":"2025-08-25T13:02:48.373Z"}
{"level":"info","message":{"ip":"::1","method":"GET","path":"/api/campaigns/public","timestamp":"2025-08-25T13:03:26.830Z"},"timestamp":"2025-08-25T13:03:26.830Z"}
{"level":"info","message":{"ip":"::1","method":"GET","path":"/api/get-card-products/6801418d70e997869e55d29e","timestamp":"2025-08-25T13:03:26.850Z"},"timestamp":"2025-08-25T13:03:26.850Z"}
{"level":"info","message":{"ip":"::1","method":"GET","path":"/api/get-wishlist/6801418d70e997869e55d29e","timestamp":"2025-08-25T13:03:26.855Z"},"timestamp":"2025-08-25T13:03:26.855Z"}
{"level":"info","message":{"ip":"::1","method":"GET","path":"/api/home/get-products","timestamp":"2025-08-25T13:03:26.857Z"},"timestamp":"2025-08-25T13:03:26.857Z"}
{"level":"info","message":{"ip":"::1","method":"POST","path":"/api/add-to-card","timestamp":"2025-08-25T13:03:32.773Z"},"timestamp":"2025-08-25T13:03:32.773Z"}
{"level":"info","message":{"ip":"::1","method":"GET","path":"/api/get-card-products/6801418d70e997869e55d29e","timestamp":"2025-08-25T13:03:35.109Z"},"timestamp":"2025-08-25T13:03:35.109Z"}
{"level":"info","message":{"ip":"::1","method":"GET","path":"/api/get-wishlist/6801418d70e997869e55d29e","timestamp":"2025-08-25T13:03:35.116Z"},"timestamp":"2025-08-25T13:03:35.116Z"}
{"level":"info","message":{"ip":"::1","method":"GET","path":"/api/get-card-products/6801418d70e997869e55d29e","timestamp":"2025-08-25T13:03:35.119Z"},"timestamp":"2025-08-25T13:03:35.119Z"}
{"level":"info","message":{"ip":"::1","method":"GET","path":"/api/campaigns/public","timestamp":"2025-08-25T13:03:50.276Z"},"timestamp":"2025-08-25T13:03:50.276Z"}
{"level":"info","message":{"ip":"::1","method":"GET","path":"/api/get-card-products/6801418d70e997869e55d29e","timestamp":"2025-08-25T13:03:50.280Z"},"timestamp":"2025-08-25T13:03:50.280Z"}
{"level":"info","message":{"ip":"::1","method":"GET","path":"/api/get-wishlist/6801418d70e997869e55d29e","timestamp":"2025-08-25T13:03:50.284Z"},"timestamp":"2025-08-25T13:03:50.284Z"}
{"level":"info","message":{"ip":"::1","method":"GET","path":"/api/home/get-products","timestamp":"2025-08-25T13:03:50.285Z"},"timestamp":"2025-08-25T13:03:50.285Z"}
{"level":"info","message":{"ip":"::1","method":"GET","path":"/api/home/get-categorys","timestamp":"2025-08-25T13:03:50.286Z"},"timestamp":"2025-08-25T13:03:50.286Z"}
{"level":"info","message":{"ip":"::1","method":"GET","path":"/api/banners","timestamp":"2025-08-25T13:03:50.288Z"},"timestamp":"2025-08-25T13:03:50.288Z"}
{"level":"info","message":{"ip":"::1","method":"POST","path":"/api/seller-login","timestamp":"2025-08-25T13:03:54.246Z"},"timestamp":"2025-08-25T13:03:54.246Z"}
{"level":"info","message":{"ip":"::1","method":"POST","path":"/api/seller-login","timestamp":"2025-08-25T13:03:57.518Z"},"timestamp":"2025-08-25T13:03:57.518Z"}
{"level":"info","message":{"ip":"::1","method":"GET","path":"/api/admin/get-analytics-data","timestamp":"2025-08-25T13:03:57.706Z"},"timestamp":"2025-08-25T13:03:57.706Z"}
{"level":"info","message":{"ip":"::1","method":"GET","path":"/api/seller/get-dashboard-data","timestamp":"2025-08-25T13:03:57.708Z"},"timestamp":"2025-08-25T13:03:57.708Z"}
{"level":"info","message":{"ip":"::1","method":"GET","path":"/api/admin/get-analytics-data","timestamp":"2025-08-25T13:03:57.709Z"},"timestamp":"2025-08-25T13:03:57.709Z"}
{"level":"info","message":{"ip":"::1","method":"GET","path":"/api/admin/get-analytics-data","timestamp":"2025-08-25T13:03:57.739Z"},"timestamp":"2025-08-25T13:03:57.739Z"}
{"level":"info","message":{"ip":"::1","method":"GET","path":"/api/admin/get-analytics-data","timestamp":"2025-08-25T13:03:57.740Z"},"timestamp":"2025-08-25T13:03:57.740Z"}
{"level":"info","message":{"ip":"::1","method":"GET","path":"/api/category-get","timestamp":"2025-08-25T13:04:00.264Z"},"timestamp":"2025-08-25T13:04:00.264Z"}
{"level":"info","message":{"ip":"::1","method":"GET","path":"/api/products-get","timestamp":"2025-08-25T13:04:01.582Z"},"timestamp":"2025-08-25T13:04:01.582Z"}
{"level":"info","message":{"ip":"::1","method":"GET","path":"/api/products-get","timestamp":"2025-08-25T13:04:03.944Z"},"timestamp":"2025-08-25T13:04:03.944Z"}
{"level":"info","message":{"ip":"::1","method":"GET","path":"/api/products-get","timestamp":"2025-08-25T13:04:06.613Z"},"timestamp":"2025-08-25T13:04:06.613Z"}
{"level":"info","message":{"ip":"::1","method":"GET","path":"/api/products-get","timestamp":"2025-08-25T13:04:08.698Z"},"timestamp":"2025-08-25T13:04:08.698Z"}
{"level":"info","message":{"ip":"::1","method":"GET","path":"/api/products-get","timestamp":"2025-08-25T13:04:09.511Z"},"timestamp":"2025-08-25T13:04:09.511Z"}
{"level":"info","message":{"ip":"::1","method":"GET","path":"/api/products-get","timestamp":"2025-08-25T13:04:10.780Z"},"timestamp":"2025-08-25T13:04:10.780Z"}
{"level":"info","message":{"ip":"::1","method":"GET","path":"/api/products-get","timestamp":"2025-08-25T13:04:11.340Z"},"timestamp":"2025-08-25T13:04:11.340Z"}
{"level":"info","message":{"ip":"::1","method":"GET","path":"/api/products-get","timestamp":"2025-08-25T13:04:12.295Z"},"timestamp":"2025-08-25T13:04:12.295Z"}
{"level":"info","message":{"ip":"::1","method":"GET","path":"/api/products-get","timestamp":"2025-08-25T13:04:17.876Z"},"timestamp":"2025-08-25T13:04:17.876Z"}
{"level":"info","message":{"ip":"::1","method":"GET","path":"/api/category-get","timestamp":"2025-08-25T13:04:20.975Z"},"timestamp":"2025-08-25T13:04:20.975Z"}
{"level":"info","message":{"ip":"::1","method":"GET","path":"/api/product-get/686eca486b9588dced149dfa","timestamp":"2025-08-25T13:04:20.976Z"},"timestamp":"2025-08-25T13:04:20.976Z"}
{"level":"info","message":{"ip":"::1","method":"POST","path":"/api/product-image-update","timestamp":"2025-08-25T13:05:18.694Z"},"timestamp":"2025-08-25T13:05:18.694Z"}
{"level":"info","message":{"ip":"::1","method":"POST","path":"/api/product-update","timestamp":"2025-08-25T13:05:22.655Z"},"timestamp":"2025-08-25T13:05:22.655Z"}
{"level":"info","message":{"ip":"::1","method":"GET","path":"/api/campaigns/public","timestamp":"2025-08-25T13:05:25.943Z"},"timestamp":"2025-08-25T13:05:25.943Z"}
{"level":"info","message":{"ip":"::1","method":"GET","path":"/api/get-card-products/6801418d70e997869e55d29e","timestamp":"2025-08-25T13:05:25.945Z"},"timestamp":"2025-08-25T13:05:25.945Z"}
{"level":"info","message":{"ip":"::1","method":"GET","path":"/api/get-wishlist/6801418d70e997869e55d29e","timestamp":"2025-08-25T13:05:25.948Z"},"timestamp":"2025-08-25T13:05:25.948Z"}
{"level":"info","message":{"ip":"::1","method":"GET","path":"/api/home/get-products","timestamp":"2025-08-25T13:05:25.951Z"},"timestamp":"2025-08-25T13:05:25.951Z"}
{"level":"info","message":{"ip":"::1","method":"GET","path":"/api/home/get-categorys","timestamp":"2025-08-25T13:05:25.952Z"},"timestamp":"2025-08-25T13:05:25.952Z"}
{"level":"info","message":{"ip":"::1","method":"GET","path":"/api/banners","timestamp":"2025-08-25T13:05:25.963Z"},"timestamp":"2025-08-25T13:05:25.963Z"}
{"level":"info","message":{"ip":"::1","method":"GET","path":"/api/get-card-products/6801418d70e997869e55d29e","timestamp":"2025-08-25T13:05:35.727Z"},"timestamp":"2025-08-25T13:05:35.727Z"}
{"level":"info","message":{"ip":"::1","method":"GET","path":"/api/get-wishlist/6801418d70e997869e55d29e","timestamp":"2025-08-25T13:05:35.730Z"},"timestamp":"2025-08-25T13:05:35.730Z"}
{"level":"info","message":{"ip":"::1","method":"GET","path":"/api/home/price-range-latest-product","timestamp":"2025-08-25T13:05:35.735Z"},"timestamp":"2025-08-25T13:05:35.735Z"}
{"level":"info","message":{"ip":"::1","method":"GET","path":"/api/home/query-products","timestamp":"2025-08-25T13:05:35.737Z"},"timestamp":"2025-08-25T13:05:35.737Z"}
{"level":"info","message":{"ip":"::1","method":"GET","path":"/api/home/query-products","timestamp":"2025-08-25T13:05:35.789Z"},"timestamp":"2025-08-25T13:05:35.789Z"}
{"level":"info","message":{"ip":"::1","method":"GET","path":"/api/get-card-products/6801418d70e997869e55d29e","timestamp":"2025-08-25T13:05:42.171Z"},"timestamp":"2025-08-25T13:05:42.171Z"}
{"level":"info","message":{"ip":"::1","method":"GET","path":"/api/get-wishlist/6801418d70e997869e55d29e","timestamp":"2025-08-25T13:05:42.177Z"},"timestamp":"2025-08-25T13:05:42.177Z"}
{"level":"info","message":{"ip":"::1","method":"GET","path":"/api/home/product-details/LEGO-Architecture-Set","timestamp":"2025-08-25T13:05:42.180Z"},"timestamp":"2025-08-25T13:05:42.180Z"}
{"level":"info","message":{"ip":"::1","method":"GET","path":"/api/home/customer/get-reviews/686eca486b9588dced149dfa","timestamp":"2025-08-25T13:05:42.202Z"},"timestamp":"2025-08-25T13:05:42.202Z"}
{"level":"info","message":{"ip":"::1","method":"GET","path":"/api/get-card-products/6801418d70e997869e55d29e","timestamp":"2025-08-25T13:05:46.251Z"},"timestamp":"2025-08-25T13:05:46.251Z"}
{"level":"info","message":{"ip":"::1","method":"GET","path":"/api/get-wishlist/6801418d70e997869e55d29e","timestamp":"2025-08-25T13:05:46.254Z"},"timestamp":"2025-08-25T13:05:46.254Z"}
{"level":"info","message":{"ip":"::1","method":"GET","path":"/api/home/price-range-latest-product","timestamp":"2025-08-25T13:05:46.258Z"},"timestamp":"2025-08-25T13:05:46.258Z"}
{"level":"info","message":{"ip":"::1","method":"GET","path":"/api/home/query-products","timestamp":"2025-08-25T13:05:46.260Z"},"timestamp":"2025-08-25T13:05:46.260Z"}
{"level":"info","message":{"ip":"::1","method":"GET","path":"/api/products-get","timestamp":"2025-08-25T13:06:43.748Z"},"timestamp":"2025-08-25T13:06:43.749Z"}
{"level":"info","message":{"ip":"::1","method":"GET","path":"/api/products-get","timestamp":"2025-08-25T13:06:45.295Z"},"timestamp":"2025-08-25T13:06:45.295Z"}
{"level":"info","message":{"ip":"::1","method":"GET","path":"/api/products-get","timestamp":"2025-08-25T13:06:45.477Z"},"timestamp":"2025-08-25T13:06:45.477Z"}
{"level":"info","message":{"ip":"::1","method":"GET","path":"/api/products-get","timestamp":"2025-08-25T13:06:45.514Z"},"timestamp":"2025-08-25T13:06:45.514Z"}
{"level":"info","message":{"ip":"::1","method":"GET","path":"/api/products-get","timestamp":"2025-08-25T13:06:45.677Z"},"timestamp":"2025-08-25T13:06:45.677Z"}
{"level":"info","message":{"ip":"::1","method":"GET","path":"/api/products-get","timestamp":"2025-08-25T13:06:45.756Z"},"timestamp":"2025-08-25T13:06:45.756Z"}
{"level":"info","message":{"ip":"::1","method":"GET","path":"/api/category-get","timestamp":"2025-08-25T13:06:49.222Z"},"timestamp":"2025-08-25T13:06:49.222Z"}
{"level":"info","message":{"ip":"::1","method":"GET","path":"/api/product-get/686eca486b9588dced149df9","timestamp":"2025-08-25T13:06:49.237Z"},"timestamp":"2025-08-25T13:06:49.237Z"}
{"level":"info","message":{"ip":"::1","method":"POST","path":"/api/product-image-update","timestamp":"2025-08-25T13:06:56.936Z"},"timestamp":"2025-08-25T13:06:56.936Z"}
{"level":"info","message":{"ip":"::1","method":"POST","path":"/api/product-images-add","timestamp":"2025-08-25T13:07:03.956Z"},"timestamp":"2025-08-25T13:07:03.956Z"}
{"level":"info","message":{"ip":"::1","method":"POST","path":"/api/product-update","timestamp":"2025-08-25T13:07:07.810Z"},"timestamp":"2025-08-25T13:07:07.810Z"}
{"level":"info","message":{"ip":"::1","method":"GET","path":"/api/get-card-products/6801418d70e997869e55d29e","timestamp":"2025-08-25T13:07:14.940Z"},"timestamp":"2025-08-25T13:07:14.940Z"}
{"level":"info","message":{"ip":"::1","method":"GET","path":"/api/get-wishlist/6801418d70e997869e55d29e","timestamp":"2025-08-25T13:07:14.941Z"},"timestamp":"2025-08-25T13:07:14.941Z"}
{"level":"info","message":{"ip":"::1","method":"GET","path":"/api/home/price-range-latest-product","timestamp":"2025-08-25T13:07:14.942Z"},"timestamp":"2025-08-25T13:07:14.942Z"}
{"level":"info","message":{"ip":"::1","method":"GET","path":"/api/home/query-products","timestamp":"2025-08-25T13:07:14.942Z"},"timestamp":"2025-08-25T13:07:14.942Z"}
{"level":"info","message":{"ip":"::1","method":"GET","path":"/api/home/get-categorys","timestamp":"2025-08-25T13:07:14.943Z"},"timestamp":"2025-08-25T13:07:14.943Z"}
{"level":"info","message":{"ip":"::1","method":"GET","path":"/api/banners","timestamp":"2025-08-25T13:07:14.943Z"},"timestamp":"2025-08-25T13:07:14.943Z"}
{"level":"info","message":{"ip":"::1","method":"GET","path":"/api/home/query-products","timestamp":"2025-08-25T13:07:14.987Z"},"timestamp":"2025-08-25T13:07:14.987Z"}
{"level":"info","message":{"ip":"::1","method":"GET","path":"/api/products-get","timestamp":"2025-08-25T13:08:10.799Z"},"timestamp":"2025-08-25T13:08:10.799Z"}
{"level":"info","message":{"ip":"::1","method":"GET","path":"/api/products-get","timestamp":"2025-08-25T13:08:12.291Z"},"timestamp":"2025-08-25T13:08:12.291Z"}
{"level":"info","message":{"ip":"::1","method":"GET","path":"/api/products-get","timestamp":"2025-08-25T13:08:12.498Z"},"timestamp":"2025-08-25T13:08:12.498Z"}
{"level":"info","message":{"ip":"::1","method":"GET","path":"/api/products-get","timestamp":"2025-08-25T13:08:12.686Z"},"timestamp":"2025-08-25T13:08:12.686Z"}
{"level":"info","message":{"ip":"::1","method":"GET","path":"/api/products-get","timestamp":"2025-08-25T13:08:12.848Z"},"timestamp":"2025-08-25T13:08:12.848Z"}
{"level":"info","message":{"ip":"::1","method":"GET","path":"/api/products-get","timestamp":"2025-08-25T13:08:14.393Z"},"timestamp":"2025-08-25T13:08:14.393Z"}
{"level":"info","message":{"ip":"::1","method":"GET","path":"/api/products-get","timestamp":"2025-08-25T13:08:15.478Z"},"timestamp":"2025-08-25T13:08:15.478Z"}
{"level":"info","message":{"ip":"::1","method":"GET","path":"/api/products-get","timestamp":"2025-08-25T13:08:15.649Z"},"timestamp":"2025-08-25T13:08:15.649Z"}
{"level":"info","message":{"ip":"::1","method":"GET","path":"/api/products-get","timestamp":"2025-08-25T13:08:15.782Z"},"timestamp":"2025-08-25T13:08:15.782Z"}
{"level":"info","message":{"ip":"::1","method":"GET","path":"/api/products-get","timestamp":"2025-08-25T13:08:16.330Z"},"timestamp":"2025-08-25T13:08:16.330Z"}
{"level":"info","message":{"ip":"::1","method":"GET","path":"/api/products-get","timestamp":"2025-08-25T13:08:16.430Z"},"timestamp":"2025-08-25T13:08:16.430Z"}
{"level":"info","message":{"ip":"::1","method":"GET","path":"/api/products-get","timestamp":"2025-08-25T13:08:16.641Z"},"timestamp":"2025-08-25T13:08:16.641Z"}
{"level":"info","message":{"ip":"::1","method":"GET","path":"/api/products-get","timestamp":"2025-08-25T13:08:16.842Z"},"timestamp":"2025-08-25T13:08:16.842Z"}
{"level":"info","message":{"ip":"::1","method":"GET","path":"/api/products-get","timestamp":"2025-08-25T13:08:17.117Z"},"timestamp":"2025-08-25T13:08:17.117Z"}
{"level":"info","message":{"ip":"::1","method":"GET","path":"/api/products-get","timestamp":"2025-08-25T13:08:17.333Z"},"timestamp":"2025-08-25T13:08:17.333Z"}
{"level":"info","message":{"ip":"::1","method":"GET","path":"/api/products-get","timestamp":"2025-08-25T13:08:18.535Z"},"timestamp":"2025-08-25T13:08:18.535Z"}
{"level":"info","message":{"ip":"::1","method":"GET","path":"/api/products-get","timestamp":"2025-08-25T13:08:19.595Z"},"timestamp":"2025-08-25T13:08:19.595Z"}
{"level":"info","message":{"ip":"::1","method":"GET","path":"/api/products-get","timestamp":"2025-08-25T13:08:20.511Z"},"timestamp":"2025-08-25T13:08:20.511Z"}
{"level":"info","message":{"ip":"::1","method":"GET","path":"/api/products-get","timestamp":"2025-08-25T13:08:21.087Z"},"timestamp":"2025-08-25T13:08:21.087Z"}
{"level":"info","message":{"ip":"::1","method":"GET","path":"/api/products-get","timestamp":"2025-08-25T13:08:21.240Z"},"timestamp":"2025-08-25T13:08:21.240Z"}
{"level":"info","message":{"ip":"::1","method":"GET","path":"/api/products-get","timestamp":"2025-08-25T13:08:21.401Z"},"timestamp":"2025-08-25T13:08:21.401Z"}
{"level":"info","message":{"ip":"::1","method":"GET","path":"/api/products-get","timestamp":"2025-08-25T13:08:21.662Z"},"timestamp":"2025-08-25T13:08:21.663Z"}
{"level":"info","message":{"ip":"::1","method":"GET","path":"/api/products-get","timestamp":"2025-08-25T13:08:21.844Z"},"timestamp":"2025-08-25T13:08:21.844Z"}
{"level":"info","message":{"ip":"::1","method":"GET","path":"/api/products-get","timestamp":"2025-08-25T13:08:22.012Z"},"timestamp":"2025-08-25T13:08:22.012Z"}
{"level":"info","message":{"ip":"::1","method":"GET","path":"/api/products-get","timestamp":"2025-08-25T13:08:22.108Z"},"timestamp":"2025-08-25T13:08:22.108Z"}
{"level":"info","message":{"ip":"::1","method":"GET","path":"/api/products-get","timestamp":"2025-08-25T13:08:22.189Z"},"timestamp":"2025-08-25T13:08:22.189Z"}
{"level":"info","message":{"ip":"::1","method":"GET","path":"/api/products-get","timestamp":"2025-08-25T13:08:24.041Z"},"timestamp":"2025-08-25T13:08:24.041Z"}
{"level":"info","message":{"ip":"::1","method":"GET","path":"/api/products-get","timestamp":"2025-08-25T13:08:24.546Z"},"timestamp":"2025-08-25T13:08:24.546Z"}
{"level":"info","message":{"ip":"::1","method":"GET","path":"/api/products-get","timestamp":"2025-08-25T13:08:24.627Z"},"timestamp":"2025-08-25T13:08:24.627Z"}
{"level":"info","message":{"ip":"::1","method":"GET","path":"/api/products-get","timestamp":"2025-08-25T13:08:24.714Z"},"timestamp":"2025-08-25T13:08:24.714Z"}
{"level":"info","message":{"ip":"::1","method":"GET","path":"/api/products-get","timestamp":"2025-08-25T13:08:24.794Z"},"timestamp":"2025-08-25T13:08:24.794Z"}
{"level":"info","message":{"ip":"::1","method":"GET","path":"/api/products-get","timestamp":"2025-08-25T13:08:32.781Z"},"timestamp":"2025-08-25T13:08:32.781Z"}
{"level":"info","message":{"ip":"::1","method":"GET","path":"/api/products-get","timestamp":"2025-08-25T13:08:32.965Z"},"timestamp":"2025-08-25T13:08:32.965Z"}
{"level":"info","message":{"ip":"::1","method":"GET","path":"/api/products-get","timestamp":"2025-08-25T13:08:33.161Z"},"timestamp":"2025-08-25T13:08:33.161Z"}
{"level":"info","message":{"ip":"::1","method":"GET","path":"/api/products-get","timestamp":"2025-08-25T13:08:33.293Z"},"timestamp":"2025-08-25T13:08:33.293Z"}
{"level":"info","message":{"ip":"::1","method":"GET","path":"/api/products-get","timestamp":"2025-08-25T13:08:33.566Z"},"timestamp":"2025-08-25T13:08:33.566Z"}
{"level":"info","message":{"ip":"::1","method":"GET","path":"/api/products-get","timestamp":"2025-08-25T13:08:33.713Z"},"timestamp":"2025-08-25T13:08:33.713Z"}
{"level":"info","message":{"ip":"::1","method":"GET","path":"/api/products-get","timestamp":"2025-08-25T13:08:34.313Z"},"timestamp":"2025-08-25T13:08:34.314Z"}
{"level":"info","message":{"ip":"::1","method":"GET","path":"/api/products-get","timestamp":"2025-08-25T13:08:34.446Z"},"timestamp":"2025-08-25T13:08:34.446Z"}
{"level":"info","message":{"ip":"::1","method":"GET","path":"/api/products-get","timestamp":"2025-08-25T13:08:35.986Z"},"timestamp":"2025-08-25T13:08:35.986Z"}
{"level":"info","message":{"ip":"::1","method":"GET","path":"/api/products-get","timestamp":"2025-08-25T13:08:36.221Z"},"timestamp":"2025-08-25T13:08:36.221Z"}
{"level":"info","message":{"ip":"::1","method":"GET","path":"/api/products-get","timestamp":"2025-08-25T13:08:36.390Z"},"timestamp":"2025-08-25T13:08:36.390Z"}
{"level":"info","message":{"ip":"::1","method":"GET","path":"/api/products-get","timestamp":"2025-08-25T13:08:36.455Z"},"timestamp":"2025-08-25T13:08:36.455Z"}
{"level":"info","message":{"ip":"::1","method":"GET","path":"/api/products-get","timestamp":"2025-08-25T13:08:36.545Z"},"timestamp":"2025-08-25T13:08:36.545Z"}
{"level":"info","message":{"ip":"::1","method":"GET","path":"/api/category-get","timestamp":"2025-08-25T13:08:40.905Z"},"timestamp":"2025-08-25T13:08:40.905Z"}
{"level":"info","message":{"ip":"::1","method":"GET","path":"/api/product-get/686eca486b9588dced149dff","timestamp":"2025-08-25T13:08:40.913Z"},"timestamp":"2025-08-25T13:08:40.913Z"}
{"level":"info","message":{"ip":"::1","method":"POST","path":"/api/product-image-update","timestamp":"2025-08-25T13:08:44.865Z"},"timestamp":"2025-08-25T13:08:44.865Z"}
{"level":"info","message":{"ip":"::1","method":"POST","path":"/api/product-update","timestamp":"2025-08-25T13:08:49.295Z"},"timestamp":"2025-08-25T13:08:49.295Z"}
{"level":"info","message":{"ip":"::1","method":"GET","path":"/api/get-card-products/6801418d70e997869e55d29e","timestamp":"2025-08-25T13:08:54.593Z"},"timestamp":"2025-08-25T13:08:54.593Z"}
{"level":"info","message":{"ip":"::1","method":"GET","path":"/api/get-wishlist/6801418d70e997869e55d29e","timestamp":"2025-08-25T13:08:54.596Z"},"timestamp":"2025-08-25T13:08:54.596Z"}
{"level":"info","message":{"ip":"::1","method":"GET","path":"/api/home/price-range-latest-product","timestamp":"2025-08-25T13:08:54.598Z"},"timestamp":"2025-08-25T13:08:54.598Z"}
{"level":"info","message":{"ip":"::1","method":"GET","path":"/api/home/query-products","timestamp":"2025-08-25T13:08:54.599Z"},"timestamp":"2025-08-25T13:08:54.599Z"}
{"level":"info","message":{"ip":"::1","method":"GET","path":"/api/home/get-categorys","timestamp":"2025-08-25T13:08:54.599Z"},"timestamp":"2025-08-25T13:08:54.599Z"}
{"level":"info","message":{"ip":"::1","method":"GET","path":"/api/banners","timestamp":"2025-08-25T13:08:54.601Z"},"timestamp":"2025-08-25T13:08:54.601Z"}
{"level":"info","message":{"ip":"::1","method":"GET","path":"/api/home/query-products","timestamp":"2025-08-25T13:08:54.618Z"},"timestamp":"2025-08-25T13:08:54.618Z"}
{"level":"info","message":{"ip":"::1","method":"GET","path":"/api/products-get","timestamp":"2025-08-25T13:09:37.562Z"},"timestamp":"2025-08-25T13:09:37.562Z"}
{"level":"info","message":{"ip":"::1","method":"GET","path":"/api/products-get","timestamp":"2025-08-25T13:09:38.715Z"},"timestamp":"2025-08-25T13:09:38.715Z"}
{"level":"info","message":{"ip":"::1","method":"GET","path":"/api/products-get","timestamp":"2025-08-25T13:09:39.253Z"},"timestamp":"2025-08-25T13:09:39.253Z"}
{"level":"info","message":{"ip":"::1","method":"GET","path":"/api/products-get","timestamp":"2025-08-25T13:09:39.466Z"},"timestamp":"2025-08-25T13:09:39.466Z"}
{"level":"info","message":{"ip":"::1","method":"GET","path":"/api/products-get","timestamp":"2025-08-25T13:09:39.506Z"},"timestamp":"2025-08-25T13:09:39.506Z"}
{"level":"info","message":{"ip":"::1","method":"GET","path":"/api/category-get","timestamp":"2025-08-25T13:09:40.933Z"},"timestamp":"2025-08-25T13:09:40.933Z"}
{"level":"info","message":{"ip":"::1","method":"GET","path":"/api/product-get/686eca486b9588dced149dfa","timestamp":"2025-08-25T13:09:40.941Z"},"timestamp":"2025-08-25T13:09:40.941Z"}
{"level":"info","message":{"ip":"::1","method":"POST","path":"/api/product-image-update","timestamp":"2025-08-25T13:09:43.627Z"},"timestamp":"2025-08-25T13:09:43.627Z"}
{"level":"info","message":{"ip":"::1","method":"POST","path":"/api/product-update","timestamp":"2025-08-25T13:09:46.882Z"},"timestamp":"2025-08-25T13:09:46.882Z"}
{"level":"info","message":{"ip":"::1","method":"GET","path":"/api/get-card-products/6801418d70e997869e55d29e","timestamp":"2025-08-25T13:09:51.066Z"},"timestamp":"2025-08-25T13:09:51.066Z"}
{"level":"info","message":{"ip":"::1","method":"GET","path":"/api/get-wishlist/6801418d70e997869e55d29e","timestamp":"2025-08-25T13:09:51.068Z"},"timestamp":"2025-08-25T13:09:51.068Z"}
{"level":"info","message":{"ip":"::1","method":"GET","path":"/api/home/price-range-latest-product","timestamp":"2025-08-25T13:09:51.070Z"},"timestamp":"2025-08-25T13:09:51.070Z"}
{"level":"info","message":{"ip":"::1","method":"GET","path":"/api/home/query-products","timestamp":"2025-08-25T13:09:51.070Z"},"timestamp":"2025-08-25T13:09:51.070Z"}
{"level":"info","message":{"ip":"::1","method":"GET","path":"/api/home/get-categorys","timestamp":"2025-08-25T13:09:51.071Z"},"timestamp":"2025-08-25T13:09:51.071Z"}
{"level":"info","message":{"ip":"::1","method":"GET","path":"/api/banners","timestamp":"2025-08-25T13:09:51.078Z"},"timestamp":"2025-08-25T13:09:51.078Z"}
{"level":"info","message":{"ip":"::1","method":"GET","path":"/api/home/query-products","timestamp":"2025-08-25T13:09:51.099Z"},"timestamp":"2025-08-25T13:09:51.099Z"}
{"level":"info","message":{"ip":"::1","method":"GET","path":"/api/admin/get-analytics-data","timestamp":"2025-08-25T13:10:34.533Z"},"timestamp":"2025-08-25T13:10:34.533Z"}
{"level":"info","message":{"ip":"::1","method":"GET","path":"/api/admin/get-analytics-data","timestamp":"2025-08-25T13:10:34.536Z"},"timestamp":"2025-08-25T13:10:34.536Z"}
{"level":"info","message":{"ip":"::1","method":"GET","path":"/api/seller/get-dashboard-data","timestamp":"2025-08-25T13:10:34.538Z"},"timestamp":"2025-08-25T13:10:34.538Z"}
{"level":"info","message":{"ip":"::1","method":"GET","path":"/api/admin/get-analytics-data","timestamp":"2025-08-25T13:10:34.575Z"},"timestamp":"2025-08-25T13:10:34.575Z"}
{"level":"info","message":{"ip":"::1","method":"GET","path":"/api/admin/get-analytics-data","timestamp":"2025-08-25T13:10:34.578Z"},"timestamp":"2025-08-25T13:10:34.578Z"}
{"level":"info","message":{"ip":"::1","method":"GET","path":"/api/get-card-products/6801418d70e997869e55d29e","timestamp":"2025-08-25T13:10:38.568Z"},"timestamp":"2025-08-25T13:10:38.568Z"}
{"level":"info","message":{"ip":"::1","method":"GET","path":"/api/get-wishlist/6801418d70e997869e55d29e","timestamp":"2025-08-25T13:10:38.570Z"},"timestamp":"2025-08-25T13:10:38.570Z"}
{"level":"info","message":{"ip":"::1","method":"GET","path":"/api/home/query-products","timestamp":"2025-08-25T13:10:38.574Z"},"timestamp":"2025-08-25T13:10:38.574Z"}
{"level":"info","message":{"ip":"::1","method":"GET","path":"/api/home/get-categorys","timestamp":"2025-08-25T13:10:38.575Z"},"timestamp":"2025-08-25T13:10:38.575Z"}
{"level":"info","message":{"ip":"::1","method":"GET","path":"/api/home/price-range-latest-product","timestamp":"2025-08-25T13:10:38.577Z"},"timestamp":"2025-08-25T13:10:38.577Z"}
{"level":"info","message":{"ip":"::1","method":"GET","path":"/api/banners","timestamp":"2025-08-25T13:10:38.584Z"},"timestamp":"2025-08-25T13:10:38.584Z"}
{"level":"info","message":{"ip":"::1","method":"GET","path":"/api/home/query-products","timestamp":"2025-08-25T13:10:38.616Z"},"timestamp":"2025-08-25T13:10:38.616Z"}
{"level":"info","message":{"ip":"::1","method":"GET","path":"/api/admin/get-analytics-data","timestamp":"2025-08-25T13:10:45.465Z"},"timestamp":"2025-08-25T13:10:45.465Z"}
{"level":"info","message":{"ip":"::1","method":"GET","path":"/api/admin/get-analytics-data","timestamp":"2025-08-25T13:10:55.465Z"},"timestamp":"2025-08-25T13:10:55.465Z"}
{"level":"info","message":{"ip":"::1","method":"GET","path":"/api/home/query-products","timestamp":"2025-08-25T13:10:58.789Z"},"timestamp":"2025-08-25T13:10:58.790Z"}
{"level":"info","message":{"ip":"::1","method":"GET","path":"/api/home/query-products","timestamp":"2025-08-25T13:11:00.036Z"},"timestamp":"2025-08-25T13:11:00.036Z"}
{"level":"info","message":{"ip":"::1","method":"GET","path":"/api/home/query-products","timestamp":"2025-08-25T13:11:01.547Z"},"timestamp":"2025-08-25T13:11:01.547Z"}
{"level":"info","message":{"ip":"::1","method":"GET","path":"/api/campaigns/public","timestamp":"2025-08-25T13:11:02.839Z"},"timestamp":"2025-08-25T13:11:02.839Z"}
{"level":"info","message":{"ip":"::1","method":"GET","path":"/api/get-card-products/6801418d70e997869e55d29e","timestamp":"2025-08-25T13:11:02.847Z"},"timestamp":"2025-08-25T13:11:02.847Z"}
{"level":"info","message":{"ip":"::1","method":"GET","path":"/api/get-wishlist/6801418d70e997869e55d29e","timestamp":"2025-08-25T13:11:02.849Z"},"timestamp":"2025-08-25T13:11:02.849Z"}
{"level":"info","message":{"ip":"::1","method":"GET","path":"/api/home/get-products","timestamp":"2025-08-25T13:11:02.851Z"},"timestamp":"2025-08-25T13:11:02.851Z"}
{"level":"info","message":{"ip":"::1","method":"GET","path":"/api/admin/get-analytics-data","timestamp":"2025-08-25T13:11:05.467Z"},"timestamp":"2025-08-25T13:11:05.467Z"}
{"level":"info","message":{"ip":"::1","method":"GET","path":"/api/admin/get-analytics-data","timestamp":"2025-08-25T13:11:15.465Z"},"timestamp":"2025-08-25T13:11:15.465Z"}
{"level":"info","message":{"ip":"::1","method":"GET","path":"/api/admin/get-analytics-data","timestamp":"2025-08-25T13:11:25.464Z"},"timestamp":"2025-08-25T13:11:25.464Z"}
{"level":"info","message":{"ip":"::1","method":"GET","path":"/api/admin/get-analytics-data","timestamp":"2025-08-25T13:11:35.464Z"},"timestamp":"2025-08-25T13:11:35.464Z"}
{"level":"info","message":{"ip":"::1","method":"GET","path":"/api/admin/get-analytics-data","timestamp":"2025-08-25T13:11:45.465Z"},"timestamp":"2025-08-25T13:11:45.465Z"}
{"level":"info","message":{"ip":"::1","method":"GET","path":"/api/admin/get-analytics-data","timestamp":"2025-08-25T13:12:46.482Z"},"timestamp":"2025-08-25T13:12:46.482Z"}
{"level":"info","message":{"ip":"::1","method":"GET","path":"/api/admin/get-analytics-data","timestamp":"2025-08-25T13:13:47.487Z"},"timestamp":"2025-08-25T13:13:47.487Z"}
{"level":"info","message":{"ip":"::1","method":"GET","path":"/api/admin/get-analytics-data","timestamp":"2025-08-25T13:14:48.492Z"},"timestamp":"2025-08-25T13:14:48.492Z"}
{"level":"info","message":{"ip":"::1","method":"GET","path":"/api/admin/get-analytics-data","timestamp":"2025-08-25T13:15:48.491Z"},"timestamp":"2025-08-25T13:15:48.491Z"}
{"level":"info","message":{"ip":"::1","method":"GET","path":"/api/admin/get-analytics-data","timestamp":"2025-08-25T13:16:48.535Z"},"timestamp":"2025-08-25T13:16:48.536Z"}
{"level":"info","message":{"ip":"::1","method":"GET","path":"/api/admin/get-analytics-data","timestamp":"2025-08-25T13:17:48.493Z"},"timestamp":"2025-08-25T13:17:48.493Z"}
{"level":"info","message":{"ip":"::1","method":"GET","path":"/api/admin/get-analytics-data","timestamp":"2025-08-25T13:18:48.499Z"},"timestamp":"2025-08-25T13:18:48.499Z"}
{"level":"info","message":{"ip":"::1","method":"GET","path":"/api/admin/get-analytics-data","timestamp":"2025-08-25T13:19:48.497Z"},"timestamp":"2025-08-25T13:19:48.497Z"}
{"level":"info","message":{"ip":"::ffff:10.0.0.1","method":"GET","path":"/api/home/get-categorys","timestamp":"2025-08-25T13:20:19.467Z"},"timestamp":"2025-08-25T13:20:19.467Z"}
{"level":"info","message":{"ip":"::ffff:10.0.0.1","method":"GET","path":"/api/home/get-products","timestamp":"2025-08-25T13:20:19.471Z"},"timestamp":"2025-08-25T13:20:19.471Z"}
{"level":"info","message":{"ip":"::ffff:10.0.0.1","method":"GET","path":"/api/home/query-products","timestamp":"2025-08-25T13:20:19.472Z"},"timestamp":"2025-08-25T13:20:19.472Z"}
{"level":"info","message":{"ip":"::ffff:10.0.0.1","method":"GET","path":"/api/campaigns/public","timestamp":"2025-08-25T13:20:19.474Z"},"timestamp":"2025-08-25T13:20:19.474Z"}
{"level":"info","message":{"ip":"::1","method":"GET","path":"/api/admin/get-analytics-data","timestamp":"2025-08-25T13:20:48.485Z"},"timestamp":"2025-08-25T13:20:48.485Z"}
{"level":"info","message":{"ip":"::ffff:10.0.0.1","method":"GET","path":"/api/home/get-categorys","timestamp":"2025-08-25T13:20:59.088Z"},"timestamp":"2025-08-25T13:20:59.088Z"}
{"level":"info","message":{"ip":"::ffff:10.0.0.1","method":"GET","path":"/api/home/get-products","timestamp":"2025-08-25T13:20:59.092Z"},"timestamp":"2025-08-25T13:20:59.092Z"}
{"level":"info","message":{"ip":"::ffff:10.0.0.1","method":"GET","path":"/api/home/query-products","timestamp":"2025-08-25T13:20:59.093Z"},"timestamp":"2025-08-25T13:20:59.093Z"}
{"level":"info","message":{"ip":"::ffff:10.0.0.1","method":"GET","path":"/api/campaigns/public","timestamp":"2025-08-25T13:20:59.094Z"},"timestamp":"2025-08-25T13:20:59.094Z"}
{"level":"info","message":{"ip":"::1","method":"GET","path":"/api/campaigns/public","timestamp":"2025-08-25T13:21:28.826Z"},"timestamp":"2025-08-25T13:21:28.826Z"}
{"level":"info","message":{"ip":"::1","method":"GET","path":"/api/get-wishlist/6801418d70e997869e55d29e","timestamp":"2025-08-25T13:21:28.861Z"},"timestamp":"2025-08-25T13:21:28.861Z"}
{"level":"info","message":{"ip":"::1","method":"GET","path":"/api/get-card-products/6801418d70e997869e55d29e","timestamp":"2025-08-25T13:21:28.864Z"},"timestamp":"2025-08-25T13:21:28.864Z"}
{"level":"info","message":{"ip":"::1","method":"GET","path":"/api/home/get-products","timestamp":"2025-08-25T13:21:28.868Z"},"timestamp":"2025-08-25T13:21:28.868Z"}
{"level":"info","message":{"ip":"::1","method":"GET","path":"/api/home/get-categorys","timestamp":"2025-08-25T13:21:28.873Z"},"timestamp":"2025-08-25T13:21:28.873Z"}
{"level":"info","message":{"ip":"::1","method":"GET","path":"/api/banners","timestamp":"2025-08-25T13:21:28.877Z"},"timestamp":"2025-08-25T13:21:28.877Z"}
{"level":"info","message":{"ip":"::1","method":"GET","path":"/api/admin/get-analytics-data","timestamp":"2025-08-25T13:21:48.492Z"},"timestamp":"2025-08-25T13:21:48.492Z"}
{"level":"info","message":{"ip":"::1","method":"GET","path":"/api/admin/get-analytics-data","timestamp":"2025-08-25T13:22:48.533Z"},"timestamp":"2025-08-25T13:22:48.533Z"}
{"level":"info","message":{"ip":"::1","method":"GET","path":"/api/admin/get-analytics-data","timestamp":"2025-08-25T13:23:42.477Z"},"timestamp":"2025-08-25T13:23:42.477Z"}
{"level":"info","message":{"ip":"::1","method":"GET","path":"/api/admin/get-analytics-data","timestamp":"2025-08-25T13:23:44.590Z"},"timestamp":"2025-08-25T13:23:44.590Z"}
{"level":"info","message":{"ip":"::1","method":"GET","path":"/api/products-get","timestamp":"2025-08-25T13:23:46.791Z"},"timestamp":"2025-08-25T13:23:46.791Z"}
{"level":"info","message":{"ip":"::1","method":"GET","path":"/api/products-get","timestamp":"2025-08-25T13:23:50.038Z"},"timestamp":"2025-08-25T13:23:50.039Z"}
{"level":"info","message":{"ip":"::1","method":"GET","path":"/api/category-get","timestamp":"2025-08-25T13:23:57.128Z"},"timestamp":"2025-08-25T13:23:57.128Z"}
{"level":"info","message":{"ip":"::1","method":"GET","path":"/api/product-get/68ab6781ee127c21299a206b","timestamp":"2025-08-25T13:23:57.137Z"},"timestamp":"2025-08-25T13:23:57.137Z"}
{"level":"info","message":{"ip":"::1","method":"GET","path":"/api/campaigns/public","timestamp":"2025-08-25T13:24:56.514Z"},"timestamp":"2025-08-25T13:24:56.514Z"}
{"level":"info","message":{"ip":"::1","method":"GET","path":"/api/home/get-products","timestamp":"2025-08-25T13:24:56.527Z"},"timestamp":"2025-08-25T13:24:56.527Z"}
{"level":"info","message":{"ip":"::1","method":"GET","path":"/api/get-card-products/6801418d70e997869e55d29e","timestamp":"2025-08-25T13:24:56.528Z"},"timestamp":"2025-08-25T13:24:56.528Z"}
{"level":"info","message":{"ip":"::1","method":"GET","path":"/api/get-wishlist/6801418d70e997869e55d29e","timestamp":"2025-08-25T13:24:56.536Z"},"timestamp":"2025-08-25T13:24:56.536Z"}
{"level":"info","message":{"ip":"::1","method":"GET","path":"/api/home/get-products","timestamp":"2025-08-25T13:25:17.509Z"},"timestamp":"2025-08-25T13:25:17.509Z"}
{"level":"info","message":{"ip":"::1","method":"POST","path":"/api/product-image-update","timestamp":"2025-08-25T13:26:03.570Z"},"timestamp":"2025-08-25T13:26:03.571Z"}
{"level":"info","message":{"ip":"::1","method":"POST","path":"/api/product-update","timestamp":"2025-08-25T13:26:27.155Z"},"timestamp":"2025-08-25T13:26:27.156Z"}
{"level":"info","message":{"ip":"::1","method":"GET","path":"/api/campaigns/public","timestamp":"2025-08-25T13:26:31.668Z"},"timestamp":"2025-08-25T13:26:31.669Z"}
{"level":"info","message":{"ip":"::1","method":"GET","path":"/api/get-card-products/6801418d70e997869e55d29e","timestamp":"2025-08-25T13:26:31.691Z"},"timestamp":"2025-08-25T13:26:31.691Z"}
{"level":"info","message":{"ip":"::1","method":"GET","path":"/api/get-wishlist/6801418d70e997869e55d29e","timestamp":"2025-08-25T13:26:31.708Z"},"timestamp":"2025-08-25T13:26:31.709Z"}
{"level":"info","message":{"ip":"::1","method":"GET","path":"/api/home/get-categorys","timestamp":"2025-08-25T13:26:31.719Z"},"timestamp":"2025-08-25T13:26:31.719Z"}
{"level":"info","message":{"ip":"::1","method":"GET","path":"/api/home/get-products","timestamp":"2025-08-25T13:26:31.720Z"},"timestamp":"2025-08-25T13:26:31.720Z"}
{"level":"info","message":{"ip":"::1","method":"GET","path":"/api/banners","timestamp":"2025-08-25T13:26:31.721Z"},"timestamp":"2025-08-25T13:26:31.721Z"}
{"level":"info","message":{"ip":"::1","method":"POST","path":"/api/product-update","timestamp":"2025-08-25T13:26:51.199Z"},"timestamp":"2025-08-25T13:26:51.200Z"}
{"level":"info","message":{"ip":"::ffff:10.0.0.1","method":"GET","path":"/api/home/get-categorys","timestamp":"2025-08-25T13:27:05.311Z"},"timestamp":"2025-08-25T13:27:05.311Z"}
{"level":"info","message":{"ip":"::ffff:10.0.0.1","method":"GET","path":"/api/home/get-products","timestamp":"2025-08-25T13:27:05.314Z"},"timestamp":"2025-08-25T13:27:05.314Z"}
{"level":"info","message":{"ip":"::ffff:10.0.0.1","method":"GET","path":"/api/home/query-products","timestamp":"2025-08-25T13:27:05.314Z"},"timestamp":"2025-08-25T13:27:05.314Z"}
{"level":"info","message":{"ip":"::ffff:10.0.0.1","method":"GET","path":"/api/campaigns/public","timestamp":"2025-08-25T13:27:05.318Z"},"timestamp":"2025-08-25T13:27:05.318Z"}
{"level":"info","message":{"ip":"::ffff:10.0.0.1","method":"GET","path":"/api/home/query-products","timestamp":"2025-08-25T13:27:10.898Z"},"timestamp":"2025-08-25T13:27:10.898Z"}
{"level":"info","message":{"ip":"::ffff:10.0.0.1","method":"GET","path":"/api/home/get-categorys","timestamp":"2025-08-25T13:27:46.265Z"},"timestamp":"2025-08-25T13:27:46.265Z"}
{"level":"info","message":{"ip":"::ffff:10.0.0.1","method":"GET","path":"/api/home/get-products","timestamp":"2025-08-25T13:27:46.269Z"},"timestamp":"2025-08-25T13:27:46.269Z"}
{"level":"info","message":{"ip":"::ffff:10.0.0.1","method":"GET","path":"/api/home/query-products","timestamp":"2025-08-25T13:27:46.271Z"},"timestamp":"2025-08-25T13:27:46.271Z"}
{"level":"info","message":{"ip":"::ffff:10.0.0.1","method":"GET","path":"/api/campaigns/public","timestamp":"2025-08-25T13:27:46.273Z"},"timestamp":"2025-08-25T13:27:46.273Z"}
{"level":"info","message":{"ip":"::ffff:10.0.0.1","method":"GET","path":"/api/home/query-products","timestamp":"2025-08-25T13:27:53.850Z"},"timestamp":"2025-08-25T13:27:53.850Z"}
{"level":"info","message":{"ip":"::ffff:10.0.0.1","method":"GET","path":"/api/home/query-products","timestamp":"2025-08-25T13:27:55.294Z"},"timestamp":"2025-08-25T13:27:55.294Z"}
{"level":"info","message":{"ip":"::ffff:10.0.0.1","method":"GET","path":"/api/home/query-products","timestamp":"2025-08-25T13:28:23.553Z"},"timestamp":"2025-08-25T13:28:23.553Z"}
{"level":"info","message":{"ip":"::ffff:10.0.0.1","method":"GET","path":"/api/home/query-products","timestamp":"2025-08-25T13:28:23.563Z"},"timestamp":"2025-08-25T13:28:23.563Z"}
{"level":"info","message":{"ip":"::1","method":"GET","path":"/api/admin/get-analytics-data","timestamp":"2025-08-25T13:28:30.918Z"},"timestamp":"2025-08-25T13:28:30.918Z"}
{"level":"info","message":{"ip":"::1","method":"GET","path":"/api/seller/get-dashboard-data","timestamp":"2025-08-25T13:28:30.925Z"},"timestamp":"2025-08-25T13:28:30.925Z"}
{"level":"info","message":{"ip":"::1","method":"GET","path":"/api/admin/get-analytics-data","timestamp":"2025-08-25T13:28:30.928Z"},"timestamp":"2025-08-25T13:28:30.928Z"}
{"level":"info","message":{"ip":"::1","method":"GET","path":"/api/admin/get-analytics-data","timestamp":"2025-08-25T13:28:30.990Z"},"timestamp":"2025-08-25T13:28:30.990Z"}
{"level":"info","message":{"ip":"::1","method":"GET","path":"/api/admin/get-analytics-data","timestamp":"2025-08-25T13:28:30.992Z"},"timestamp":"2025-08-25T13:28:30.992Z"}
{"level":"info","message":{"ip":"::1","method":"GET","path":"/api/admin/get-analytics-data","timestamp":"2025-08-25T13:28:41.477Z"},"timestamp":"2025-08-25T13:28:41.477Z"}
{"level":"info","message":{"ip":"::1","method":"GET","path":"/api/get-card-products/6801418d70e997869e55d29e","timestamp":"2025-08-25T13:28:47.009Z"},"timestamp":"2025-08-25T13:28:47.009Z"}
{"level":"info","message":{"ip":"::1","method":"GET","path":"/api/get-wishlist/6801418d70e997869e55d29e","timestamp":"2025-08-25T13:28:47.011Z"},"timestamp":"2025-08-25T13:28:47.011Z"}
{"level":"info","message":{"ip":"::1","method":"GET","path":"/api/home/product-details/denim-jeans","timestamp":"2025-08-25T13:28:47.016Z"},"timestamp":"2025-08-25T13:28:47.016Z"}
{"level":"info","message":{"ip":"::1","method":"GET","path":"/api/home/customer/get-reviews/686eca486b9588dced149de4","timestamp":"2025-08-25T13:28:47.049Z"},"timestamp":"2025-08-25T13:28:47.049Z"}
{"level":"info","message":{"ip":"::1","method":"GET","path":"/api/campaigns/public","timestamp":"2025-08-25T13:28:51.199Z"},"timestamp":"2025-08-25T13:28:51.199Z"}
{"level":"info","message":{"ip":"::1","method":"GET","path":"/api/get-card-products/6801418d70e997869e55d29e","timestamp":"2025-08-25T13:28:51.206Z"},"timestamp":"2025-08-25T13:28:51.206Z"}
{"level":"info","message":{"ip":"::1","method":"GET","path":"/api/get-wishlist/6801418d70e997869e55d29e","timestamp":"2025-08-25T13:28:51.209Z"},"timestamp":"2025-08-25T13:28:51.209Z"}
{"level":"info","message":{"ip":"::1","method":"GET","path":"/api/home/get-products","timestamp":"2025-08-25T13:28:51.214Z"},"timestamp":"2025-08-25T13:28:51.214Z"}
{"level":"info","message":{"ip":"::1","method":"GET","path":"/api/admin/get-analytics-data","timestamp":"2025-08-25T13:28:51.472Z"},"timestamp":"2025-08-25T13:28:51.472Z"}
{"level":"info","message":{"ip":"::1","method":"GET","path":"/api/admin/get-analytics-data","timestamp":"2025-08-25T13:29:01.481Z"},"timestamp":"2025-08-25T13:29:01.481Z"}
{"level":"info","message":{"ip":"::1","method":"GET","path":"/api/admin/get-analytics-data","timestamp":"2025-08-25T13:29:11.476Z"},"timestamp":"2025-08-25T13:29:11.476Z"}
{"level":"info","message":{"ip":"::1","method":"GET","path":"/api/admin/get-analytics-data","timestamp":"2025-08-25T13:29:21.542Z"},"timestamp":"2025-08-25T13:29:21.542Z"}
{"level":"info","message":{"ip":"::1","method":"GET","path":"/api/admin/get-analytics-data","timestamp":"2025-08-25T13:29:31.474Z"},"timestamp":"2025-08-25T13:29:31.474Z"}
{"level":"info","message":{"ip":"::1","method":"GET","path":"/api/admin/get-analytics-data","timestamp":"2025-08-25T13:29:41.478Z"},"timestamp":"2025-08-25T13:29:41.478Z"}
{"level":"info","message":{"ip":"::1","method":"GET","path":"/api/admin/get-analytics-data","timestamp":"2025-08-25T13:30:42.496Z"},"timestamp":"2025-08-25T13:30:42.496Z"}
{"level":"info","message":{"ip":"::1","method":"GET","path":"/api/admin/get-analytics-data","timestamp":"2025-08-25T13:31:43.494Z"},"timestamp":"2025-08-25T13:31:43.494Z"}
{"level":"info","message":{"ip":"::1","method":"GET","path":"/api/admin/get-analytics-data","timestamp":"2025-08-25T13:32:44.497Z"},"timestamp":"2025-08-25T13:32:44.497Z"}
{"level":"info","message":{"ip":"::1","method":"GET","path":"/api/admin/get-analytics-data","timestamp":"2025-08-25T13:33:30.333Z"},"timestamp":"2025-08-25T13:33:30.335Z"}
{"level":"info","message":{"ip":"::1","method":"GET","path":"/api/admin/get-analytics-data","timestamp":"2025-08-25T13:33:30.998Z"},"timestamp":"2025-08-25T13:33:30.998Z"}
{"level":"info","message":{"ip":"::1","method":"GET","path":"/api/campaigns/public","timestamp":"2025-08-25T13:33:33.456Z"},"timestamp":"2025-08-25T13:33:33.456Z"}
{"level":"info","message":{"ip":"::1","method":"GET","path":"/api/get-wishlist/6801418d70e997869e55d29e","timestamp":"2025-08-25T13:33:33.460Z"},"timestamp":"2025-08-25T13:33:33.460Z"}
{"level":"info","message":{"ip":"::1","method":"GET","path":"/api/get-card-products/6801418d70e997869e55d29e","timestamp":"2025-08-25T13:33:33.466Z"},"timestamp":"2025-08-25T13:33:33.466Z"}
{"level":"info","message":{"ip":"::1","method":"GET","path":"/api/home/get-products","timestamp":"2025-08-25T13:33:33.470Z"},"timestamp":"2025-08-25T13:33:33.470Z"}
{"level":"info","message":{"ip":"::1","method":"GET","path":"/api/home/get-categorys","timestamp":"2025-08-25T13:33:33.475Z"},"timestamp":"2025-08-25T13:33:33.475Z"}
{"level":"info","message":{"ip":"::1","method":"GET","path":"/api/banners","timestamp":"2025-08-25T13:33:33.476Z"},"timestamp":"2025-08-25T13:33:33.476Z"}
{"level":"info","message":{"ip":"::1","method":"GET","path":"/api/admin/get-analytics-data","timestamp":"2025-08-25T13:33:41.475Z"},"timestamp":"2025-08-25T13:33:41.476Z"}
{"level":"info","message":{"ip":"::1","method":"GET","path":"/api/admin/get-analytics-data","timestamp":"2025-08-25T13:33:51.483Z"},"timestamp":"2025-08-25T13:33:51.483Z"}
{"level":"info","message":{"ip":"::1","method":"GET","path":"/api/admin/get-analytics-data","timestamp":"2025-08-25T13:34:01.477Z"},"timestamp":"2025-08-25T13:34:01.477Z"}
{"level":"info","message":{"ip":"::1","method":"GET","path":"/api/admin/get-analytics-data","timestamp":"2025-08-25T13:34:11.485Z"},"timestamp":"2025-08-25T13:34:11.485Z"}
{"level":"info","message":{"ip":"::1","method":"GET","path":"/api/admin/get-analytics-data","timestamp":"2025-08-25T13:34:21.480Z"},"timestamp":"2025-08-25T13:34:21.480Z"}
{"level":"info","message":{"ip":"::1","method":"GET","path":"/api/admin/get-analytics-data","timestamp":"2025-08-25T13:34:31.485Z"},"timestamp":"2025-08-25T13:34:31.485Z"}
{"level":"info","message":{"ip":"::1","method":"GET","path":"/api/admin/get-analytics-data","timestamp":"2025-08-25T13:34:48.510Z"},"timestamp":"2025-08-25T13:34:48.510Z"}
